Scenario C (clear_channel): 400 rounds (max 150.0s), 25 buffers x 20 signals (expected monitored_count AND channel_count to stay near 0), 1.0s between rounds -> /home/vagrant/src/moellep/pyepics-testing/docs/camonitor-cliff/results_C.csv
[    0.0s] cached=   0 monitored=   0 active=   0 channels=   0 fds=   8 implied=   0.00 MB/s client_rss=  38.66MB server_rss=113.23 latency_p50=32.96
[    1.7s] cached=   0 monitored=   0 active=   0 channels=   1 fds=  11 implied=   0.00 MB/s client_rss=  40.13MB server_rss=113.3 latency_p50=
[    2.7s] cached=   0 monitored=   0 active=   0 channels=   1 fds=  11 implied=   0.00 MB/s client_rss=  40.13MB server_rss=113.33 latency_p50=
[    3.7s] cached=   0 monitored=   0 active=   0 channels=   1 fds=  11 implied=   0.00 MB/s client_rss=  40.14MB server_rss=113.34 latency_p50=
-- round 0 done (buffer 0) -- main-thread channels=0 --
[    4.7s] cached=   0 monitored=   0 active=   0 channels=   1 fds=  10 implied=   0.00 MB/s client_rss=  40.14MB server_rss=113.34 latency_p50=
[    5.7s] cached=   0 monitored=   0 active=   0 channels=   1 fds=  11 implied=   0.00 MB/s client_rss=  40.14MB server_rss=113.34 latency_p50=35.51
[    7.1s] cached=   0 monitored=   0 active=   0 channels=   1 fds=  11 implied=   0.00 MB/s client_rss=  40.15MB server_rss=113.34 latency_p50=
[    8.1s] cached=   0 monitored=   0 active=   0 channels=   1 fds=  11 implied=   0.00 MB/s client_rss=  40.15MB server_rss=113.34 latency_p50=
-- round 1 done (buffer 1) -- main-thread channels=0 --
[    9.1s] cached=   0 monitored=   0 active=   0 channels=   1 fds=  10 implied=   0.00 MB/s client_rss=  40.15MB server_rss=113.34 latency_p50=
[   10.1s] cached=   0 monitored=   0 active=   0 channels=   1 fds=  11 implied=   0.00 MB/s client_rss=  40.15MB server_rss=113.34 latency_p50=
[   11.1s] cached=   0 monitored=   0 active=   0 channels=   1 fds=  11 implied=   0.00 MB/s client_rss=  40.16MB server_rss=113.34 latency_p50=34.54
[   12.5s] cached=   0 monitored=   0 active=   0 channels=   1 fds=  11 implied=   0.00 MB/s client_rss=  40.16MB server_rss=113.34 latency_p50=
[   13.5s] cached=   0 monitored=   0 active=   0 channels=   1 fds=  10 implied=   0.00 MB/s client_rss=  40.17MB server_rss=113.34 latency_p50=
-- round 2 done (buffer 2) -- main-thread channels=0 --
[   14.5s] cached=   0 monitored=   0 active=   0 channels=   1 fds=  10 implied=   0.00 MB/s client_rss=  40.17MB server_rss=113.34 latency_p50=
[   15.5s] cached=   0 monitored=   0 active=   0 channels=   1 fds=  11 implied=   0.00 MB/s client_rss=  40.17MB server_rss=113.34 latency_p50=
[   16.5s] cached=   0 monitored=   0 active=   0 channels=   1 fds=  10 implied=   0.00 MB/s client_rss=  40.17MB server_rss=113.34 latency_p50=35.55
[   18.0s] cached=   0 monitored=   0 active=   0 channels=   1 fds=  11 implied=   0.00 MB/s client_rss=  40.17MB server_rss=113.35 latency_p50=
-- round 3 done (buffer 3) -- main-thread channels=0 --
[   19.0s] cached=   0 monitored=   0 active=   0 channels=   1 fds=  10 implied=   0.00 MB/s client_rss=  40.18MB server_rss=113.35 latency_p50=
[   20.0s] cached=   0 monitored=   0 active=   0 channels=   1 fds=  11 implied=   0.00 MB/s client_rss=  40.18MB server_rss=113.35 latency_p50=
[   21.0s] cached=   0 monitored=   0 active=   0 channels=   1 fds=  11 implied=   0.00 MB/s client_rss=  40.18MB server_rss=113.35 latency_p50=
[   22.0s] cached=   0 monitored=   0 active=   0 channels=   1 fds=  11 implied=   0.00 MB/s client_rss=  40.18MB server_rss=113.36 latency_p50=34.89
[   23.6s] cached=   0 monitored=   0 active=   0 channels=   1 fds=  11 implied=   0.00 MB/s client_rss=  40.18MB server_rss=113.36 latency_p50=
-- round 4 done (buffer 4) -- main-thread channels=0 --
[   24.6s] cached=   0 monitored=   0 active=   0 channels=   1 fds=  10 implied=   0.00 MB/s client_rss=  40.18MB server_rss=113.36 latency_p50=
[   25.6s] cached=   0 monitored=   0 active=   0 channels=   1 fds=  11 implied=   0.00 MB/s client_rss=  40.18MB server_rss=113.36 latency_p50=
[   26.6s] cached=   0 monitored=   0 active=   0 channels=   1 fds=  11 implied=   0.00 MB/s client_rss=  40.18MB server_rss=113.36 latency_p50=
[   27.6s] cached=   0 monitored=   0 active=   0 channels=   1 fds=  11 implied=   0.00 MB/s client_rss=  40.19MB server_rss=113.36 latency_p50=35.2
-- round 5 done (buffer 5) -- main-thread channels=0 --
[   29.1s] cached=   0 monitored=   0 active=   0 channels=   1 fds=  10 implied=   0.00 MB/s client_rss=  40.19MB server_rss=113.36 latency_p50=
[   30.1s] cached=   0 monitored=   0 active=   0 channels=   1 fds=  11 implied=   0.00 MB/s client_rss=  40.19MB server_rss=113.36 latency_p50=
[   31.1s] cached=   0 monitored=   0 active=   0 channels=   1 fds=  11 implied=   0.00 MB/s client_rss=  40.19MB server_rss=113.36 latency_p50=
[   32.1s] cached=   0 monitored=   0 active=   0 channels=   1 fds=  11 implied=   0.00 MB/s client_rss=  40.19MB server_rss=113.36 latency_p50=
-- round 6 done (buffer 6) -- main-thread channels=0 --
[   33.1s] cached=   0 monitored=   0 active=   0 channels=   1 fds=  11 implied=   0.00 MB/s client_rss=  40.20MB server_rss=113.36 latency_p50=35.92
[   34.6s] cached=   0 monitored=   0 active=   0 channels=   1 fds=  10 implied=   0.00 MB/s client_rss=  40.20MB server_rss=113.36 latency_p50=
[   35.6s] cached=   0 monitored=   0 active=   0 channels=   1 fds=  11 implied=   0.00 MB/s client_rss=  40.20MB server_rss=113.37 latency_p50=
[   36.6s] cached=   0 monitored=   0 active=   0 channels=   1 fds=  11 implied=   0.00 MB/s client_rss=  40.20MB server_rss=113.37 latency_p50=
[   37.6s] cached=   0 monitored=   0 active=   0 channels=   1 fds=  10 implied=   0.00 MB/s client_rss=  40.20MB server_rss=113.37 latency_p50=
-- round 7 done (buffer 7) -- main-thread channels=0 --
[   38.6s] cached=   0 monitored=   0 active=   0 channels=   1 fds=  10 implied=   0.00 MB/s client_rss=  40.20MB server_rss=113.37 latency_p50=36.93
[   40.0s] cached=   0 monitored=   0 active=   0 channels=   1 fds=  11 implied=   0.00 MB/s client_rss=  40.20MB server_rss=113.37 latency_p50=
[   41.0s] cached=   0 monitored=   0 active=   0 channels=   1 fds=  10 implied=   0.00 MB/s client_rss=  40.20MB server_rss=113.37 latency_p50=
[   42.0s] cached=   0 monitored=   0 active=   0 channels=   1 fds=  11 implied=   0.00 MB/s client_rss=  40.20MB server_rss=113.38 latency_p50=
-- round 8 done (buffer 8) -- main-thread channels=0 --
[   43.0s] cached=   0 monitored=   0 active=   0 channels=   1 fds=  10 implied=   0.00 MB/s client_rss=  40.20MB server_rss=113.38 latency_p50=
[   44.0s] cached=   0 monitored=   0 active=   0 channels=   1 fds=  10 implied=   0.00 MB/s client_rss=  40.20MB server_rss=113.38 latency_p50=36.4
[   45.5s] cached=   0 monitored=   0 active=   0 channels=   1 fds=  11 implied=   0.00 MB/s client_rss=  40.21MB server_rss=113.38 latency_p50=
[   46.5s] cached=   0 monitored=   0 active=   0 channels=   1 fds=  11 implied=   0.00 MB/s client_rss=  40.21MB server_rss=113.38 latency_p50=
[   47.5s] cached=   0 monitored=   0 active=   0 channels=   1 fds=  10 implied=   0.00 MB/s client_rss=  40.21MB server_rss=113.38 latency_p50=
-- round 9 done (buffer 9) -- main-thread channels=0 --
[   48.5s] cached=   0 monitored=   0 active=   0 channels=   1 fds=  10 implied=   0.00 MB/s client_rss=  40.21MB server_rss=113.38 latency_p50=
[   49.5s] cached=   0 monitored=   0 active=   0 channels=   1 fds=  11 implied=   0.00 MB/s client_rss=  40.21MB server_rss=113.38 latency_p50=36.69
[   50.9s] cached=   0 monitored=   0 active=   0 channels=   1 fds=  11 implied=   0.00 MB/s client_rss=  40.21MB server_rss=113.38 latency_p50=
[   51.9s] cached=   0 monitored=   0 active=   0 channels=   1 fds=  11 implied=   0.00 MB/s client_rss=  40.21MB server_rss=113.38 latency_p50=
[   52.9s] cached=   0 monitored=   0 active=   0 channels=   1 fds=  11 implied=   0.00 MB/s client_rss=  40.22MB server_rss=113.38 latency_p50=
-- round 10 done (buffer 10) -- main-thread channels=0 --
[   53.9s] cached=   0 monitored=   0 active=   0 channels=   1 fds=  10 implied=   0.00 MB/s client_rss=  40.22MB server_rss=113.38 latency_p50=
[   54.9s] cached=   0 monitored=   0 active=   0 channels=   1 fds=  11 implied=   0.00 MB/s client_rss=  40.22MB server_rss=113.38 latency_p50=35.54
[   56.3s] cached=   0 monitored=   0 active=   0 channels=   1 fds=  11 implied=   0.00 MB/s client_rss=  40.22MB server_rss=113.38 latency_p50=
[   57.3s] cached=   0 monitored=   0 active=   0 channels=   1 fds=  11 implied=   0.00 MB/s client_rss=  40.22MB server_rss=113.38 latency_p50=
-- round 11 done (buffer 11) -- main-thread channels=0 --
[   58.3s] cached=   0 monitored=   0 active=   0 channels=   1 fds=  10 implied=   0.00 MB/s client_rss=  40.22MB server_rss=113.38 latency_p50=
[   59.3s] cached=   0 monitored=   0 active=   0 channels=   1 fds=  11 implied=   0.00 MB/s client_rss=  40.22MB server_rss=113.38 latency_p50=
[   60.3s] cached=   0 monitored=   0 active=   0 channels=   1 fds=  11 implied=   0.00 MB/s client_rss=  40.22MB server_rss=113.39 latency_p50=35.27
[   61.8s] cached=   0 monitored=   0 active=   0 channels=   1 fds=  11 implied=   0.00 MB/s client_rss=  40.23MB server_rss=113.39 latency_p50=
[   62.8s] cached=   0 monitored=   0 active=   0 channels=   1 fds=  11 implied=   0.00 MB/s client_rss=  40.23MB server_rss=113.39 latency_p50=
-- round 12 done (buffer 12) -- main-thread channels=0 --
[   63.8s] cached=   0 monitored=   0 active=   0 channels=   1 fds=  10 implied=   0.00 MB/s client_rss=  40.23MB server_rss=113.39 latency_p50=
[   64.8s] cached=   0 monitored=   0 active=   0 channels=   1 fds=  10 implied=   0.00 MB/s client_rss=  40.23MB server_rss=113.39 latency_p50=
[   65.8s] cached=   0 monitored=   0 active=   0 channels=   1 fds=  11 implied=   0.00 MB/s client_rss=  40.23MB server_rss=113.4 latency_p50=35.97
[   67.2s] cached=   0 monitored=   0 active=   0 channels=   1 fds=  11 implied=   0.00 MB/s client_rss=  40.23MB server_rss=113.4 latency_p50=
-- round 13 done (buffer 13) -- main-thread channels=0 --
[   68.2s] cached=   0 monitored=   0 active=   0 channels=   1 fds=  10 implied=   0.00 MB/s client_rss=  40.24MB server_rss=113.4 latency_p50=
[   69.2s] cached=   0 monitored=   0 active=   0 channels=   1 fds=  11 implied=   0.00 MB/s client_rss=  40.24MB server_rss=113.4 latency_p50=
[   70.2s] cached=   0 monitored=   0 active=   0 channels=   1 fds=  11 implied=   0.00 MB/s client_rss=  40.24MB server_rss=113.4 latency_p50=
[   71.2s] cached=   0 monitored=   0 active=   0 channels=   1 fds=  11 implied=   0.00 MB/s client_rss=  40.24MB server_rss=113.41 latency_p50=35.5
[   72.7s] cached=   0 monitored=   0 active=   0 channels=   1 fds=  11 implied=   0.00 MB/s client_rss=  40.24MB server_rss=113.41 latency_p50=
-- round 14 done (buffer 14) -- main-thread channels=0 --
[   73.7s] cached=   0 monitored=   0 active=   0 channels=   1 fds=  10 implied=   0.00 MB/s client_rss=  40.24MB server_rss=113.41 latency_p50=
[   74.7s] cached=   0 monitored=   0 active=   0 channels=   1 fds=  11 implied=   0.00 MB/s client_rss=  40.24MB server_rss=113.41 latency_p50=
[   75.7s] cached=   0 monitored=   0 active=   0 channels=   1 fds=  10 implied=   0.00 MB/s client_rss=  40.24MB server_rss=113.41 latency_p50=
[   76.7s] cached=   0 monitored=   0 active=   0 channels=   1 fds=  11 implied=   0.00 MB/s client_rss=  40.25MB server_rss=113.42 latency_p50=35.91
-- round 15 done (buffer 15) -- main-thread channels=0 --
[   78.1s] cached=   0 monitored=   0 active=   0 channels=   1 fds=  10 implied=   0.00 MB/s client_rss=  40.25MB server_rss=113.42 latency_p50=
[   79.1s] cached=   0 monitored=   0 active=   0 channels=   1 fds=  11 implied=   0.00 MB/s client_rss=  40.25MB server_rss=113.42 latency_p50=
[   80.2s] cached=   0 monitored=   0 active=   0 channels=   1 fds=  11 implied=   0.00 MB/s client_rss=  40.25MB server_rss=113.42 latency_p50=
[   81.2s] cached=   0 monitored=   0 active=   0 channels=   1 fds=  10 implied=   0.00 MB/s client_rss=  40.25MB server_rss=113.42 latency_p50=
[   82.2s] cached=   0 monitored=   0 active=   0 channels=   1 fds=  11 implied=   0.00 MB/s client_rss=  40.25MB server_rss=113.42 latency_p50=35.23
-- round 16 done (buffer 16) -- main-thread channels=0 --
[   83.6s] cached=   0 monitored=   0 active=   0 channels=   1 fds=  10 implied=   0.00 MB/s client_rss=  40.25MB server_rss=113.43 latency_p50=
[   84.6s] cached=   0 monitored=   0 active=   0 channels=   1 fds=  11 implied=   0.00 MB/s client_rss=  40.25MB server_rss=113.43 latency_p50=
[   85.6s] cached=   0 monitored=   0 active=   0 channels=   1 fds=  11 implied=   0.00 MB/s client_rss=  40.25MB server_rss=113.43 latency_p50=
[   86.6s] cached=   0 monitored=   0 active=   0 channels=   1 fds=  10 implied=   0.00 MB/s client_rss=  40.25MB server_rss=113.43 latency_p50=
[   87.6s] cached=   0 monitored=   0 active=   0 channels=   1 fds=  11 implied=   0.00 MB/s client_rss=  40.25MB server_rss=113.43 latency_p50=36.28
-- round 17 done (buffer 17) -- main-thread channels=0 --
[   89.0s] cached=   0 monitored=   0 active=   0 channels=   1 fds=  10 implied=   0.00 MB/s client_rss=  40.25MB server_rss=113.43 latency_p50=
[   90.0s] cached=   0 monitored=   0 active=   0 channels=   1 fds=  11 implied=   0.00 MB/s client_rss=  40.25MB server_rss=113.43 latency_p50=
[   91.0s] cached=   0 monitored=   0 active=   0 channels=   1 fds=  11 implied=   0.00 MB/s client_rss=  40.25MB server_rss=113.43 latency_p50=
[   92.0s] cached=   0 monitored=   0 active=   0 channels=   1 fds=  11 implied=   0.00 MB/s client_rss=  40.25MB server_rss=113.43 latency_p50=
-- round 18 done (buffer 18) -- main-thread channels=0 --
[   93.0s] cached=   0 monitored=   0 active=   0 channels=   1 fds=  10 implied=   0.00 MB/s client_rss=  40.25MB server_rss=113.43 latency_p50=35.16
[   94.4s] cached=   0 monitored=   0 active=   0 channels=   1 fds=  11 implied=   0.00 MB/s client_rss=  40.26MB server_rss=113.43 latency_p50=
[   95.4s] cached=   0 monitored=   0 active=   0 channels=   1 fds=  10 implied=   0.00 MB/s client_rss=  40.26MB server_rss=113.43 latency_p50=
[   96.4s] cached=   0 monitored=   0 active=   0 channels=   1 fds=  11 implied=   0.00 MB/s client_rss=  40.26MB server_rss=113.44 latency_p50=
-- round 19 done (buffer 19) -- main-thread channels=0 --
[   97.4s] cached=   0 monitored=   0 active=   0 channels=   1 fds=  10 implied=   0.00 MB/s client_rss=  40.26MB server_rss=113.44 latency_p50=
[   98.4s] cached=   0 monitored=   0 active=   0 channels=   1 fds=  11 implied=   0.00 MB/s client_rss=  40.26MB server_rss=113.44 latency_p50=35.98
[   99.9s] cached=   0 monitored=   0 active=   0 channels=   1 fds=  11 implied=   0.00 MB/s client_rss=  40.27MB server_rss=113.44 latency_p50=
[  100.9s] cached=   0 monitored=   0 active=   0 channels=   1 fds=  11 implied=   0.00 MB/s client_rss=  40.27MB server_rss=113.44 latency_p50=
[  101.9s] cached=   0 monitored=   0 active=   0 channels=   1 fds=  11 implied=   0.00 MB/s client_rss=  40.27MB server_rss=113.45 latency_p50=
-- round 20 done (buffer 20) -- main-thread channels=0 --
[  102.9s] cached=   0 monitored=   0 active=   0 channels=   1 fds=  10 implied=   0.00 MB/s client_rss=  40.27MB server_rss=113.45 latency_p50=
[  103.9s] cached=   0 monitored=   0 active=   0 channels=   1 fds=  11 implied=   0.00 MB/s client_rss=  40.27MB server_rss=113.45 latency_p50=36.17
[  105.3s] cached=   0 monitored=   0 active=   0 channels=   1 fds=  11 implied=   0.00 MB/s client_rss=  40.27MB server_rss=113.45 latency_p50=
[  106.3s] cached=   0 monitored=   0 active=   0 channels=   1 fds=  11 implied=   0.00 MB/s client_rss=  40.27MB server_rss=113.45 latency_p50=
-- round 21 done (buffer 21) -- main-thread channels=0 --
[  107.3s] cached=   0 monitored=   0 active=   0 channels=   1 fds=  10 implied=   0.00 MB/s client_rss=  40.27MB server_rss=113.45 latency_p50=
[  108.3s] cached=   0 monitored=   0 active=   0 channels=   1 fds=  11 implied=   0.00 MB/s client_rss=  40.27MB server_rss=113.45 latency_p50=
[  109.3s] cached=   0 monitored=   0 active=   0 channels=   1 fds=  11 implied=   0.00 MB/s client_rss=  40.27MB server_rss=113.46 latency_p50=36.41
[  110.7s] cached=   0 monitored=   0 active=   0 channels=   1 fds=  11 implied=   0.00 MB/s client_rss=  40.27MB server_rss=113.46 latency_p50=
[  111.7s] cached=   0 monitored=   0 active=   0 channels=   1 fds=  11 implied=   0.00 MB/s client_rss=  40.27MB server_rss=113.46 latency_p50=
-- round 22 done (buffer 22) -- main-thread channels=0 --
[  112.7s] cached=   0 monitored=   0 active=   0 channels=   1 fds=  10 implied=   0.00 MB/s client_rss=  40.28MB server_rss=113.46 latency_p50=
[  113.7s] cached=   0 monitored=   0 active=   0 channels=   1 fds=  10 implied=   0.00 MB/s client_rss=  40.28MB server_rss=113.46 latency_p50=
[  114.7s] cached=   0 monitored=   0 active=   0 channels=   1 fds=  11 implied=   0.00 MB/s client_rss=  40.28MB server_rss=113.46 latency_p50=36.19
[  116.2s] cached=   0 monitored=   0 active=   0 channels=   1 fds=  10 implied=   0.00 MB/s client_rss=  40.28MB server_rss=113.46 latency_p50=
[  117.2s] cached=   0 monitored=   0 active=   0 channels=   1 fds=  11 implied=   0.00 MB/s client_rss=  40.28MB server_rss=113.46 latency_p50=
-- round 23 done (buffer 23) -- main-thread channels=0 --
[  118.2s] cached=   0 monitored=   0 active=   0 channels=   1 fds=  10 implied=   0.00 MB/s client_rss=  40.28MB server_rss=113.46 latency_p50=
[  119.2s] cached=   0 monitored=   0 active=   0 channels=   1 fds=  11 implied=   0.00 MB/s client_rss=  40.28MB server_rss=113.46 latency_p50=
[  120.2s] cached=   0 monitored=   0 active=   0 channels=   1 fds=  11 implied=   0.00 MB/s client_rss=  40.28MB server_rss=113.46 latency_p50=36.06
[  121.7s] cached=   0 monitored=   0 active=   0 channels=   1 fds=  10 implied=   0.00 MB/s client_rss=  40.29MB server_rss=113.47 latency_p50=
-- round 24 done (buffer 24) -- main-thread channels=0 --
[  122.7s] cached=   0 monitored=   0 active=   0 channels=   1 fds=  10 implied=   0.00 MB/s client_rss=  40.29MB server_rss=113.47 latency_p50=
[  123.7s] cached=   0 monitored=   0 active=   0 channels=   1 fds=  11 implied=   0.00 MB/s client_rss=  40.29MB server_rss=113.47 latency_p50=
[  124.7s] cached=   0 monitored=   0 active=   0 channels=   1 fds=  11 implied=   0.00 MB/s client_rss=  40.29MB server_rss=113.47 latency_p50=
[  125.7s] cached=   0 monitored=   0 active=   0 channels=   1 fds=  11 implied=   0.00 MB/s client_rss=  40.29MB server_rss=113.47 latency_p50=35.98
[  127.2s] cached=   0 monitored=   0 active=   0 channels=   1 fds=  11 implied=   0.00 MB/s client_rss=  40.29MB server_rss=113.47 latency_p50=
-- round 25 done (buffer 0) -- main-thread channels=0 --
[  128.2s] cached=   0 monitored=   0 active=   0 channels=   1 fds=  10 implied=   0.00 MB/s client_rss=  40.29MB server_rss=113.47 latency_p50=
[  129.2s] cached=   0 monitored=   0 active=   0 channels=   1 fds=  11 implied=   0.00 MB/s client_rss=  40.29MB server_rss=113.48 latency_p50=
[  130.2s] cached=   0 monitored=   0 active=   0 channels=   1 fds=  10 implied=   0.00 MB/s client_rss=  40.29MB server_rss=113.48 latency_p50=
[  131.2s] cached=   0 monitored=   0 active=   0 channels=   1 fds=  11 implied=   0.00 MB/s client_rss=  40.29MB server_rss=113.48 latency_p50=36.4
-- round 26 done (buffer 1) -- main-thread channels=0 --
[  132.6s] cached=   0 monitored=   0 active=   0 channels=   1 fds=  10 implied=   0.00 MB/s client_rss=  40.29MB server_rss=113.48 latency_p50=
[  133.6s] cached=   0 monitored=   0 active=   0 channels=   1 fds=  11 implied=   0.00 MB/s client_rss=  40.29MB server_rss=113.48 latency_p50=
[  134.6s] cached=   0 monitored=   0 active=   0 channels=   1 fds=  11 implied=   0.00 MB/s client_rss=  40.29MB server_rss=113.48 latency_p50=
[  135.6s] cached=   0 monitored=   0 active=   0 channels=   1 fds=  11 implied=   0.00 MB/s client_rss=  40.30MB server_rss=113.49 latency_p50=
[  136.6s] cached=   0 monitored=   0 active=   0 channels=   1 fds=  11 implied=   0.00 MB/s client_rss=  40.30MB server_rss=113.49 latency_p50=37.63
-- round 27 done (buffer 2) -- main-thread channels=0 --
[  138.1s] cached=   0 monitored=   0 active=   0 channels=   1 fds=  10 implied=   0.00 MB/s client_rss=  40.30MB server_rss=113.49 latency_p50=
[  139.1s] cached=   0 monitored=   0 active=   0 channels=   1 fds=  11 implied=   0.00 MB/s client_rss=  40.30MB server_rss=113.49 latency_p50=
[  140.1s] cached=   0 monitored=   0 active=   0 channels=   1 fds=  11 implied=   0.00 MB/s client_rss=  40.30MB server_rss=113.49 latency_p50=
[  141.1s] cached=   0 monitored=   0 active=   0 channels=   1 fds=  11 implied=   0.00 MB/s client_rss=  40.30MB server_rss=113.5 latency_p50=
[  142.1s] cached=   0 monitored=   0 active=   0 channels=   1 fds=  11 implied=   0.00 MB/s client_rss=  40.30MB server_rss=113.5 latency_p50=36.54
-- round 28 done (buffer 3) -- main-thread channels=0 --
[  143.5s] cached=   0 monitored=   0 active=   0 channels=   1 fds=  10 implied=   0.00 MB/s client_rss=  40.30MB server_rss=113.5 latency_p50=
[  144.5s] cached=   0 monitored=   0 active=   0 channels=   1 fds=  11 implied=   0.00 MB/s client_rss=  40.30MB server_rss=113.5 latency_p50=
[  145.5s] cached=   0 monitored=   0 active=   0 channels=   1 fds=  11 implied=   0.00 MB/s client_rss=  40.30MB server_rss=113.5 latency_p50=
[  146.5s] cached=   0 monitored=   0 active=   0 channels=   1 fds=  11 implied=   0.00 MB/s client_rss=  40.30MB server_rss=113.5 latency_p50=
-- round 29 done (buffer 4) -- main-thread channels=0 --
[  147.5s] cached=   0 monitored=   0 active=   0 channels=   1 fds=  10 implied=   0.00 MB/s client_rss=  40.30MB server_rss=113.5 latency_p50=31.87
[  148.8s] cached=   0 monitored=   0 active=   0 channels=   1 fds=  11 implied=   0.00 MB/s client_rss=  40.31MB server_rss=113.5 latency_p50=
[  149.8s] cached=   0 monitored=   0 active=   0 channels=   1 fds=  10 implied=   0.00 MB/s client_rss=  40.31MB server_rss=113.5 latency_p50=
[  150.8s] cached=   0 monitored=   0 active=   0 channels=   1 fds=  10 implied=   0.00 MB/s client_rss=  40.31MB server_rss=113.5 latency_p50=
-- round 30 done (buffer 5) -- main-thread channels=0 --
-- max_seconds (150.0) reached, stopping early --
Finished. main-thread epics.ca._cache: 0 channel entries remain after 400 rounds across 500 distinct PVs (Scenario B left 500 behind under the same conditions) -- see /home/vagrant/src/moellep/pyepics-testing/docs/camonitor-cliff/results_C.csv.
