Scenario A (caget bug): 400 rounds (max 150.0s), 25 buffers x 20 signals (expected monitored_count plateau = 500), 1.0s between rounds -> /home/vagrant/src/moellep/pyepics-testing/docs/camonitor-cliff/results_A.csv
[    0.0s] cached=   0 monitored=   0 active=   0 channels=   0 fds=   7 implied=   0.00 MB/s client_rss=  38.48MB server_rss=113.23 latency_p50=31.89
[    1.7s] cached=   8 monitored=   8 active=   8 channels=   1 fds=  11 implied=   2.33 MB/s client_rss=  40.68MB server_rss=114.66 latency_p50=
[    2.7s] cached=  14 monitored=  14 active=  14 channels=   1 fds=  11 implied=   4.08 MB/s client_rss=  41.00MB server_rss=117.31 latency_p50=
-- round 0 done (buffer 0) --
[    3.8s] cached=  20 monitored=  20 active=  20 channels=   1 fds=  11 implied=   5.82 MB/s client_rss=  41.30MB server_rss=121.23 latency_p50=
[    4.8s] cached=  20 monitored=  20 active=  20 channels=   1 fds=  11 implied=   5.82 MB/s client_rss=  41.34MB server_rss=125.71 latency_p50=
[    5.9s] cached=  26 monitored=  25 active=  26 channels=   1 fds=  11 implied=   7.57 MB/s client_rss=  41.62MB server_rss=131.57 latency_p50=44.46
[    7.6s] cached=  32 monitored=  32 active=  32 channels=   1 fds=  11 implied=   9.32 MB/s client_rss=  41.97MB server_rss=141.36 latency_p50=
[    8.7s] cached=  37 monitored=  36 active=  37 channels=   1 fds=  11 implied=  10.77 MB/s client_rss=  42.25MB server_rss=149.16 latency_p50=
-- round 1 done (buffer 1) --
[    9.7s] cached=  40 monitored=  40 active=  40 channels=   1 fds=  11 implied=  11.65 MB/s client_rss=  42.45MB server_rss=157.12 latency_p50=
[   10.8s] cached=  42 monitored=  41 active=  42 channels=   1 fds=  11 implied=  12.23 MB/s client_rss=  42.54MB server_rss=165.73 latency_p50=
[   11.9s] cached=  47 monitored=  46 active=  47 channels=   1 fds=  11 implied=  13.69 MB/s client_rss=  42.78MB server_rss=175.22 latency_p50=54.99
[   13.8s] cached=  52 monitored=  52 active=  52 channels=   1 fds=  11 implied=  15.14 MB/s client_rss=  43.02MB server_rss=192.74 latency_p50=
[   14.8s] cached=  56 monitored=  56 active=  56 channels=   1 fds=  11 implied=  16.31 MB/s client_rss=  43.21MB server_rss=203.69 latency_p50=
-- round 2 done (buffer 2) --
[   15.8s] cached=  60 monitored=  60 active=  60 channels=   1 fds=  11 implied=  17.47 MB/s client_rss=  43.40MB server_rss=214.2 latency_p50=
[   17.0s] cached=  61 monitored=  60 active=  61 channels=   1 fds=  11 implied=  17.76 MB/s client_rss=  43.48MB server_rss=227.52 latency_p50=
[   18.1s] cached=  65 monitored=  65 active=  65 channels=   1 fds=  11 implied=  18.93 MB/s client_rss=  43.65MB server_rss=240.24 latency_p50=62.76
[   20.2s] cached=  70 monitored=  69 active=  70 channels=   1 fds=  11 implied=  20.38 MB/s client_rss=  43.89MB server_rss=265.71 latency_p50=
[   21.4s] cached=  74 monitored=  73 active=  74 channels=   1 fds=  11 implied=  21.55 MB/s client_rss=  44.08MB server_rss=280.23 latency_p50=
[   22.5s] cached=  78 monitored=  78 active=  78 channels=   1 fds=  11 implied=  22.71 MB/s client_rss=  44.27MB server_rss=295.42 latency_p50=
-- round 3 done (buffer 3) --
[   23.5s] cached=  80 monitored=  80 active=  80 channels=   1 fds=  11 implied=  23.30 MB/s client_rss=  44.38MB server_rss=308.07 latency_p50=
[   24.6s] cached=  82 monitored=  81 active=  82 channels=   1 fds=  11 implied=  23.88 MB/s client_rss=  44.46MB server_rss=325.95 latency_p50=68.75
[   26.9s] cached=  87 monitored=  86 active=  87 channels=   1 fds=  11 implied=  25.33 MB/s client_rss=  44.71MB server_rss=357.81 latency_p50=
[   28.2s] cached=  91 monitored=  90 active=  91 channels=   1 fds=  11 implied=  26.50 MB/s client_rss=  44.92MB server_rss=377.68 latency_p50=
[   29.4s] cached=  95 monitored=  94 active=  95 channels=   1 fds=  11 implied=  27.66 MB/s client_rss=  45.10MB server_rss=396.39 latency_p50=
[   30.5s] cached=  98 monitored=  98 active=  98 channels=   1 fds=  11 implied=  28.54 MB/s client_rss=  45.26MB server_rss=413.66 latency_p50=
-- round 4 done (buffer 4) --
[   31.5s] cached= 100 monitored= 100 active= 100 channels=   1 fds=  11 implied=  29.12 MB/s client_rss=  45.36MB server_rss=429.2 latency_p50=79.25
[   33.3s] cached= 103 monitored= 103 active= 103 channels=   1 fds=  11 implied=  29.99 MB/s client_rss=  45.51MB server_rss=460.55 latency_p50=
[   34.7s] cached= 107 monitored= 106 active= 107 channels=   1 fds=  11 implied=  31.16 MB/s client_rss=  45.70MB server_rss=484.04 latency_p50=
[   35.7s] cached= 110 monitored= 110 active= 110 channels=   1 fds=  11 implied=  32.03 MB/s client_rss=  45.84MB server_rss=501.63 latency_p50=
[   36.8s] cached= 113 monitored= 113 active= 113 channels=   1 fds=  11 implied=  32.91 MB/s client_rss=  45.98MB server_rss=520.76 latency_p50=
[   37.9s] cached= 116 monitored= 116 active= 116 channels=   1 fds=  11 implied=  33.78 MB/s client_rss=  46.12MB server_rss=541.17 latency_p50=88.29
-- round 5 done (buffer 5) --
[   40.2s] cached= 120 monitored= 120 active= 120 channels=   1 fds=  11 implied=  34.94 MB/s client_rss=  46.30MB server_rss=583.34 latency_p50=
[   41.6s] cached= 121 monitored= 120 active= 121 channels=   1 fds=  11 implied=  35.24 MB/s client_rss=  46.35MB server_rss=609.76 latency_p50=
[   42.7s] cached= 124 monitored= 124 active= 124 channels=   1 fds=  11 implied=  36.11 MB/s client_rss=  46.50MB server_rss=631.58 latency_p50=
[   43.9s] cached= 127 monitored= 126 active= 127 channels=   1 fds=  11 implied=  36.98 MB/s client_rss=  46.64MB server_rss=653.98 latency_p50=
[   45.1s] cached= 130 monitored= 129 active= 130 channels=   1 fds=  11 implied=  37.86 MB/s client_rss=  46.80MB server_rss=676.88 latency_p50=108.6
[   47.8s] cached= 134 monitored= 133 active= 134 channels=   1 fds=  11 implied=  39.02 MB/s client_rss=  46.99MB server_rss=729.48 latency_p50=
[   49.1s] cached= 137 monitored= 136 active= 137 channels=   1 fds=  11 implied=  39.89 MB/s client_rss=  47.13MB server_rss=756.16 latency_p50=
-- round 6 done (buffer 6) --
[   50.3s] cached= 140 monitored= 139 active= 140 channels=   1 fds=  11 implied=  40.77 MB/s client_rss=  47.27MB server_rss=780.65 latency_p50=
[   51.7s] cached= 141 monitored= 140 active= 141 channels=   1 fds=  11 implied=  41.06 MB/s client_rss=  47.32MB server_rss=809.39 latency_p50=
[   52.9s] cached= 144 monitored= 143 active= 144 channels=   1 fds=  11 implied=  41.93 MB/s client_rss=  47.46MB server_rss=834.81 latency_p50=111.08
[   55.7s] cached= 148 monitored= 147 active= 148 channels=   1 fds=  11 implied=  43.10 MB/s client_rss=  47.64MB server_rss=893.53 latency_p50=
[   56.9s] cached= 151 monitored= 150 active= 151 channels=   1 fds=  11 implied=  43.97 MB/s client_rss=  47.79MB server_rss=919.67 latency_p50=
[   58.2s] cached= 154 monitored= 153 active= 154 channels=   1 fds=  11 implied=  44.84 MB/s client_rss=  47.92MB server_rss=950.23 latency_p50=
[   59.4s] cached= 157 monitored= 156 active= 157 channels=   1 fds=  11 implied=  45.72 MB/s client_rss=  48.07MB server_rss=977.97 latency_p50=
-- round 7 done (buffer 7) --
[   60.6s] cached= 160 monitored= 159 active= 160 channels=   1 fds=  11 implied=  46.59 MB/s client_rss=  48.23MB server_rss=1005.08 latency_p50=103.85
[   62.7s] cached= 163 monitored= 162 active= 163 channels=   1 fds=  11 implied=  47.47 MB/s client_rss=  48.38MB server_rss=1056.7 latency_p50=
[   63.9s] cached= 166 monitored= 165 active= 166 channels=   1 fds=  11 implied=  48.34 MB/s client_rss=  48.52MB server_rss=1086.05 latency_p50=
[   65.2s] cached= 169 monitored= 168 active= 169 channels=   1 fds=  11 implied=  49.21 MB/s client_rss=  48.66MB server_rss=1119.08 latency_p50=
[   66.3s] cached= 172 monitored= 171 active= 172 channels=   1 fds=  11 implied=  50.09 MB/s client_rss=  48.82MB server_rss=1149.0 latency_p50=
[   67.6s] cached= 175 monitored= 174 active= 175 channels=   1 fds=  11 implied=  50.96 MB/s client_rss=  48.97MB server_rss=1180.38 latency_p50=107.66
[   70.4s] cached= 179 monitored= 178 active= 179 channels=   1 fds=  11 implied=  52.12 MB/s client_rss=  49.16MB server_rss=1251.8 latency_p50=
-- round 8 done (buffer 8) --
[   71.4s] cached= 180 monitored= 180 active= 180 channels=   1 fds=  11 implied=  52.42 MB/s client_rss=  49.23MB server_rss=1278.94 latency_p50=
[   72.6s] cached= 182 monitored= 181 active= 182 channels=   1 fds=  11 implied=  53.00 MB/s client_rss=  49.30MB server_rss=1311.08 latency_p50=
[   73.8s] cached= 185 monitored= 184 active= 185 channels=   1 fds=  11 implied=  53.87 MB/s client_rss=  49.45MB server_rss=1343.77 latency_p50=
[   75.1s] cached= 188 monitored= 187 active= 188 channels=   1 fds=  11 implied=  54.75 MB/s client_rss=  49.60MB server_rss=1377.42 latency_p50=111.96
[   78.1s] cached= 192 monitored= 191 active= 192 channels=   1 fds=  11 implied=  55.91 MB/s client_rss=  49.79MB server_rss=1457.02 latency_p50=
[   79.3s] cached= 195 monitored= 194 active= 195 channels=   1 fds=  11 implied=  56.78 MB/s client_rss=  49.94MB server_rss=1491.51 latency_p50=
[   80.7s] cached= 198 monitored= 197 active= 198 channels=   1 fds=  11 implied=  57.66 MB/s client_rss=  50.07MB server_rss=1530.78 latency_p50=
-- round 9 done (buffer 9) --
[   81.7s] cached= 200 monitored= 200 active= 200 channels=   1 fds=  11 implied=  58.24 MB/s client_rss=  50.17MB server_rss=1557.39 latency_p50=
[   83.1s] cached= 201 monitored= 200 active= 201 channels=   1 fds=  11 implied=  58.53 MB/s client_rss=  50.22MB server_rss=1592.84 latency_p50=121.19
[   86.2s] cached= 205 monitored= 204 active= 205 channels=   1 fds=  11 implied=  59.70 MB/s client_rss=  50.41MB server_rss=1678.46 latency_p50=
[   87.7s] cached= 208 monitored= 207 active= 208 channels=   1 fds=  11 implied=  60.57 MB/s client_rss=  50.55MB server_rss=1718.91 latency_p50=
[   89.2s] cached= 211 monitored= 210 active= 211 channels=   1 fds=  11 implied=  61.44 MB/s client_rss=  50.69MB server_rss=1761.38 latency_p50=
[   90.6s] cached= 214 monitored= 213 active= 214 channels=   1 fds=  11 implied=  62.32 MB/s client_rss=  50.83MB server_rss=1800.13 latency_p50=
[   92.0s] cached= 217 monitored= 216 active= 217 channels=   1 fds=  11 implied=  63.19 MB/s client_rss=  50.98MB server_rss=1842.76 latency_p50=125.06
-- round 10 done (buffer 10) --
[   94.8s] cached= 220 monitored= 220 active= 220 channels=   1 fds=  11 implied=  64.06 MB/s client_rss=  51.14MB server_rss=1923.9 latency_p50=
[   96.2s] cached= 221 monitored= 220 active= 221 channels=   1 fds=  11 implied=  64.36 MB/s client_rss=  51.19MB server_rss=1964.93 latency_p50=
[   97.2s] cached= 223 monitored= 223 active= 223 channels=   1 fds=  11 implied=  64.94 MB/s client_rss=  51.28MB server_rss=1994.83 latency_p50=
[   98.7s] cached= 226 monitored= 225 active= 226 channels=   1 fds=  11 implied=  65.81 MB/s client_rss=  51.42MB server_rss=2038.89 latency_p50=
[   99.8s] cached= 228 monitored= 228 active= 228 channels=   1 fds=  11 implied=  66.39 MB/s client_rss=  51.51MB server_rss=2069.17 latency_p50=137.94
[  102.7s] cached= 231 monitored= 231 active= 231 channels=   1 fds=  11 implied=  67.27 MB/s client_rss=  51.65MB server_rss=2155.75 latency_p50=
[  104.2s] cached= 234 monitored= 233 active= 234 channels=   1 fds=  11 implied=  68.14 MB/s client_rss=  51.79MB server_rss=2202.28 latency_p50=
[  105.3s] cached= 236 monitored= 236 active= 236 channels=   1 fds=  11 implied=  68.72 MB/s client_rss=  51.89MB server_rss=2233.61 latency_p50=
[  106.4s] cached= 238 monitored= 238 active= 238 channels=   1 fds=  11 implied=  69.31 MB/s client_rss=  51.98MB server_rss=2265.36 latency_p50=
-- round 11 done (buffer 11) --
[  107.4s] cached= 240 monitored= 240 active= 240 channels=   1 fds=  11 implied=  69.89 MB/s client_rss=  52.08MB server_rss=2297.5 latency_p50=142.17
[  110.1s] cached= 242 monitored= 242 active= 242 channels=   1 fds=  11 implied=  70.47 MB/s client_rss=  52.17MB server_rss=2377.18 latency_p50=
[  111.2s] cached= 244 monitored= 244 active= 244 channels=   1 fds=  11 implied=  71.05 MB/s client_rss=  52.26MB server_rss=2410.33 latency_p50=
[  112.2s] cached= 246 monitored= 246 active= 246 channels=   1 fds=  11 implied=  71.64 MB/s client_rss=  52.36MB server_rss=2443.43 latency_p50=
[  113.5s] cached= 248 monitored= 247 active= 248 channels=   1 fds=  11 implied=  72.22 MB/s client_rss=  52.47MB server_rss=2475.81 latency_p50=
[  114.6s] cached= 250 monitored= 250 active= 250 channels=   1 fds=  11 implied=  72.80 MB/s client_rss=  52.56MB server_rss=2511.34 latency_p50=144.63
[  117.8s] cached= 253 monitored= 253 active= 253 channels=   1 fds=  11 implied=  73.67 MB/s client_rss=  52.71MB server_rss=2608.89 latency_p50=
[  118.9s] cached= 255 monitored= 255 active= 255 channels=   1 fds=  11 implied=  74.26 MB/s client_rss=  52.81MB server_rss=2642.73 latency_p50=
[  120.0s] cached= 257 monitored= 257 active= 257 channels=   1 fds=  11 implied=  74.84 MB/s client_rss=  52.91MB server_rss=2677.56 latency_p50=
[  121.1s] cached= 259 monitored= 259 active= 259 channels=   1 fds=  11 implied=  75.42 MB/s client_rss=  53.00MB server_rss=2711.86 latency_p50=
-- round 12 done (buffer 12) --
[  122.1s] cached= 260 monitored= 260 active= 260 channels=   1 fds=  11 implied=  75.71 MB/s client_rss=  53.07MB server_rss=2743.06 latency_p50=153.68
[  124.8s] cached= 262 monitored= 262 active= 262 channels=   1 fds=  11 implied=  76.29 MB/s client_rss=  53.15MB server_rss=2826.94 latency_p50=
[  125.9s] cached= 264 monitored= 264 active= 264 channels=   1 fds=  11 implied=  76.88 MB/s client_rss=  53.24MB server_rss=2862.7 latency_p50=
[  127.0s] cached= 266 monitored= 266 active= 266 channels=   1 fds=  11 implied=  77.46 MB/s client_rss=  53.33MB server_rss=2899.79 latency_p50=
[  128.2s] cached= 268 monitored= 267 active= 268 channels=   1 fds=  11 implied=  78.04 MB/s client_rss=  53.43MB server_rss=2936.89 latency_p50=
[  129.4s] cached= 270 monitored= 269 active= 270 channels=   1 fds=  11 implied=  78.62 MB/s client_rss=  53.53MB server_rss=2975.19 latency_p50=166.63
[  132.8s] cached= 273 monitored= 272 active= 273 channels=   1 fds=  11 implied=  79.50 MB/s client_rss=  53.67MB server_rss=3083.59 latency_p50=
[  134.0s] cached= 275 monitored= 274 active= 275 channels=   1 fds=  11 implied=  80.08 MB/s client_rss=  53.76MB server_rss=3121.64 latency_p50=
[  135.2s] cached= 277 monitored= 276 active= 277 channels=   1 fds=  11 implied=  80.66 MB/s client_rss=  53.88MB server_rss=3161.63 latency_p50=
[  136.5s] cached= 279 monitored= 278 active= 279 channels=   1 fds=  11 implied=  81.24 MB/s client_rss=  53.98MB server_rss=3201.78 latency_p50=
-- round 13 done (buffer 13) --
[  137.5s] cached= 280 monitored= 280 active= 280 channels=   1 fds=  11 implied=  81.54 MB/s client_rss=  54.04MB server_rss=3234.12 latency_p50=162.43
[  140.6s] cached= 282 monitored= 281 active= 282 channels=   1 fds=  11 implied=  82.12 MB/s client_rss=  54.11MB server_rss=3326.0 latency_p50=
[  141.9s] cached= 284 monitored= 283 active= 284 channels=   1 fds=  11 implied=  82.70 MB/s client_rss=  54.21MB server_rss=3365.7 latency_p50=
[  143.2s] cached= 286 monitored= 285 active= 286 channels=   1 fds=  11 implied=  83.28 MB/s client_rss=  54.30MB server_rss=3407.85 latency_p50=
[  144.4s] cached= 288 monitored= 287 active= 288 channels=   1 fds=  11 implied=  83.87 MB/s client_rss=  54.41MB server_rss=3449.7 latency_p50=
[  145.7s] cached= 290 monitored= 289 active= 290 channels=   1 fds=  11 implied=  84.45 MB/s client_rss=  54.50MB server_rss=3493.23 latency_p50=178.21
[  149.5s] cached= 293 monitored= 292 active= 293 channels=   1 fds=  11 implied=  85.32 MB/s client_rss=  54.64MB server_rss=3612.71 latency_p50=
[  150.8s] cached= 295 monitored= 294 active= 295 channels=   1 fds=  11 implied=  85.90 MB/s client_rss=  54.74MB server_rss=3656.33 latency_p50=
[  152.1s] cached= 297 monitored= 296 active= 297 channels=   1 fds=  11 implied=  86.49 MB/s client_rss=  54.83MB server_rss=3700.45 latency_p50=
[  153.4s] cached= 299 monitored= 298 active= 299 channels=   1 fds=  11 implied=  87.07 MB/s client_rss=  54.93MB server_rss=3743.75 latency_p50=
-- round 14 done (buffer 14) --
-- max_seconds (150.0) reached, stopping early --
Finished. Expected monitored_count to have plateaued at 500 and never decreased -- see /home/vagrant/src/moellep/pyepics-testing/docs/camonitor-cliff/results_A.csv.
