Scenario B (fixed): 260 rounds (max Nones), 250 buffers x 20 signals (expected monitored_count to stay at 0), 0.3s between rounds -> /home/vagrant/src/moellep/pyepics-testing/docs/camonitor-cliff/channel_cost/B/client_unused.csv
[diagnostic] CAGET_TEST:SIG0:HST0: chid before disconnect() = c_long(741729632), chid after disconnect() = c_long(741729632) (non-None/non-zero here means the channel is still clearable via epics.ca.clear_channel())
-- round 0 done (buffer 0) elapsed=2.6s round_dur_s=2.647 --
-- round 1 done (buffer 1) elapsed=5.6s round_dur_s=2.652 --
-- round 2 done (buffer 2) elapsed=8.6s round_dur_s=2.676 --
-- round 3 done (buffer 3) elapsed=11.6s round_dur_s=2.691 --
-- round 4 done (buffer 4) elapsed=14.6s round_dur_s=2.707 --
-- round 5 done (buffer 5) elapsed=17.6s round_dur_s=2.677 --
-- round 6 done (buffer 6) elapsed=20.1s round_dur_s=2.241 --
-- round 7 done (buffer 7) elapsed=22.6s round_dur_s=2.189 --
-- round 8 done (buffer 8) elapsed=25.0s round_dur_s=2.161 --
-- round 9 done (buffer 9) elapsed=27.7s round_dur_s=2.405 --
-- round 10 done (buffer 10) elapsed=30.2s round_dur_s=2.171 --
-- round 11 done (buffer 11) elapsed=32.7s round_dur_s=2.183 --
-- round 12 done (buffer 12) elapsed=35.2s round_dur_s=2.162 --
-- round 13 done (buffer 13) elapsed=37.7s round_dur_s=2.275 --
-- round 14 done (buffer 14) elapsed=40.3s round_dur_s=2.300 --
-- round 15 done (buffer 15) elapsed=42.9s round_dur_s=2.217 --
-- round 16 done (buffer 16) elapsed=45.3s round_dur_s=2.184 --
-- round 17 done (buffer 17) elapsed=47.8s round_dur_s=2.196 --
-- round 18 done (buffer 18) elapsed=50.4s round_dur_s=2.243 --
-- round 19 done (buffer 19) elapsed=53.0s round_dur_s=2.300 --
-- round 20 done (buffer 20) elapsed=55.5s round_dur_s=2.236 --
-- round 21 done (buffer 21) elapsed=58.0s round_dur_s=2.197 --
-- round 22 done (buffer 22) elapsed=60.5s round_dur_s=2.215 --
-- round 23 done (buffer 23) elapsed=63.0s round_dur_s=2.188 --
-- round 24 done (buffer 24) elapsed=65.5s round_dur_s=2.221 --
-- round 25 done (buffer 25) elapsed=68.1s round_dur_s=2.270 --
-- round 26 done (buffer 26) elapsed=70.7s round_dur_s=2.297 --
-- round 27 done (buffer 27) elapsed=73.2s round_dur_s=2.210 --
-- round 28 done (buffer 28) elapsed=75.8s round_dur_s=2.286 --
-- round 29 done (buffer 29) elapsed=78.4s round_dur_s=2.344 --
-- round 30 done (buffer 30) elapsed=81.0s round_dur_s=2.271 --
-- round 31 done (buffer 31) elapsed=84.0s round_dur_s=2.708 --
-- round 32 done (buffer 32) elapsed=87.1s round_dur_s=2.728 --
-- round 33 done (buffer 33) elapsed=90.1s round_dur_s=2.702 --
-- round 34 done (buffer 34) elapsed=93.1s round_dur_s=2.731 --
-- round 35 done (buffer 35) elapsed=96.2s round_dur_s=2.781 --
-- round 36 done (buffer 36) elapsed=99.2s round_dur_s=2.737 --
-- round 37 done (buffer 37) elapsed=102.2s round_dur_s=2.737 --
-- round 38 done (buffer 38) elapsed=105.4s round_dur_s=2.834 --
-- round 39 done (buffer 39) elapsed=108.5s round_dur_s=2.825 --
-- round 40 done (buffer 40) elapsed=111.4s round_dur_s=2.614 --
-- round 41 done (buffer 41) elapsed=114.4s round_dur_s=2.635 --
-- round 42 done (buffer 42) elapsed=117.3s round_dur_s=2.693 --
-- round 43 done (buffer 43) elapsed=120.4s round_dur_s=2.710 --
-- round 44 done (buffer 44) elapsed=123.6s round_dur_s=2.985 --
-- round 45 done (buffer 45) elapsed=127.0s round_dur_s=3.015 --
-- round 46 done (buffer 46) elapsed=130.3s round_dur_s=3.058 --
-- round 47 done (buffer 47) elapsed=133.5s round_dur_s=2.904 --
-- round 48 done (buffer 48) elapsed=136.6s round_dur_s=2.745 --
-- round 49 done (buffer 49) elapsed=139.6s round_dur_s=2.737 --
-- round 50 done (buffer 50) elapsed=142.5s round_dur_s=2.603 --
-- round 51 done (buffer 51) elapsed=145.5s round_dur_s=2.715 --
-- round 52 done (buffer 52) elapsed=148.5s round_dur_s=2.717 --
-- round 53 done (buffer 53) elapsed=151.6s round_dur_s=2.716 --
-- round 54 done (buffer 54) elapsed=154.6s round_dur_s=2.710 --
-- round 55 done (buffer 55) elapsed=157.6s round_dur_s=2.701 --
-- round 56 done (buffer 56) elapsed=160.6s round_dur_s=2.715 --
-- round 57 done (buffer 57) elapsed=163.6s round_dur_s=2.717 --
-- round 58 done (buffer 58) elapsed=166.6s round_dur_s=2.710 --
-- round 59 done (buffer 59) elapsed=169.6s round_dur_s=2.704 --
-- round 60 done (buffer 60) elapsed=172.6s round_dur_s=2.703 --
-- round 61 done (buffer 61) elapsed=175.6s round_dur_s=2.711 --
-- round 62 done (buffer 62) elapsed=178.6s round_dur_s=2.697 --
-- round 63 done (buffer 63) elapsed=181.7s round_dur_s=2.761 --
-- round 64 done (buffer 64) elapsed=184.7s round_dur_s=2.709 --
-- round 65 done (buffer 65) elapsed=187.7s round_dur_s=2.701 --
-- round 66 done (buffer 66) elapsed=190.7s round_dur_s=2.702 --
-- round 67 done (buffer 67) elapsed=193.7s round_dur_s=2.708 --
-- round 68 done (buffer 68) elapsed=196.7s round_dur_s=2.709 --
-- round 69 done (buffer 69) elapsed=199.7s round_dur_s=2.697 --
-- round 70 done (buffer 70) elapsed=202.7s round_dur_s=2.706 --
-- round 71 done (buffer 71) elapsed=205.7s round_dur_s=2.674 --
-- round 72 done (buffer 72) elapsed=208.6s round_dur_s=2.638 --
-- round 73 done (buffer 73) elapsed=211.5s round_dur_s=2.602 --
-- round 74 done (buffer 74) elapsed=214.0s round_dur_s=2.203 --
-- round 75 done (buffer 75) elapsed=217.1s round_dur_s=2.757 --
-- round 76 done (buffer 76) elapsed=220.1s round_dur_s=2.727 --
-- round 77 done (buffer 77) elapsed=222.7s round_dur_s=2.300 --
-- round 78 done (buffer 78) elapsed=225.3s round_dur_s=2.231 --
-- round 79 done (buffer 79) elapsed=228.2s round_dur_s=2.658 --
-- round 80 done (buffer 80) elapsed=230.9s round_dur_s=2.399 --
-- round 81 done (buffer 81) elapsed=233.6s round_dur_s=2.369 --
-- round 82 done (buffer 82) elapsed=236.3s round_dur_s=2.409 --
-- round 83 done (buffer 83) elapsed=239.0s round_dur_s=2.412 --
-- round 84 done (buffer 84) elapsed=241.9s round_dur_s=2.557 --
-- round 85 done (buffer 85) elapsed=244.6s round_dur_s=2.440 --
-- round 86 done (buffer 86) elapsed=247.3s round_dur_s=2.358 --
-- round 87 done (buffer 87) elapsed=249.9s round_dur_s=2.315 --
-- round 88 done (buffer 88) elapsed=252.8s round_dur_s=2.600 --
-- round 89 done (buffer 89) elapsed=255.7s round_dur_s=2.638 --
-- round 90 done (buffer 90) elapsed=258.4s round_dur_s=2.417 --
-- round 91 done (buffer 91) elapsed=261.3s round_dur_s=2.575 --
-- round 92 done (buffer 92) elapsed=264.3s round_dur_s=2.686 --
-- round 93 done (buffer 93) elapsed=267.2s round_dur_s=2.630 --
-- round 94 done (buffer 94) elapsed=270.0s round_dur_s=2.506 --
-- round 95 done (buffer 95) elapsed=272.9s round_dur_s=2.574 --
-- round 96 done (buffer 96) elapsed=275.8s round_dur_s=2.586 --
-- round 97 done (buffer 97) elapsed=278.8s round_dur_s=2.686 --
-- round 98 done (buffer 98) elapsed=281.7s round_dur_s=2.606 --
-- round 99 done (buffer 99) elapsed=284.6s round_dur_s=2.632 --
-- round 100 done (buffer 100) elapsed=287.2s round_dur_s=2.248 --
-- round 101 done (buffer 101) elapsed=289.8s round_dur_s=2.318 --
-- round 102 done (buffer 102) elapsed=292.3s round_dur_s=2.250 --
-- round 103 done (buffer 103) elapsed=294.9s round_dur_s=2.275 --
-- round 104 done (buffer 104) elapsed=297.5s round_dur_s=2.324 --
-- round 105 done (buffer 105) elapsed=300.1s round_dur_s=2.304 --
-- round 106 done (buffer 106) elapsed=302.7s round_dur_s=2.243 --
-- round 107 done (buffer 107) elapsed=305.4s round_dur_s=2.431 --
-- round 108 done (buffer 108) elapsed=308.0s round_dur_s=2.312 --
-- round 109 done (buffer 109) elapsed=310.5s round_dur_s=2.207 --
-- round 110 done (buffer 110) elapsed=313.1s round_dur_s=2.306 --
-- round 111 done (buffer 111) elapsed=315.9s round_dur_s=2.429 --
-- round 112 done (buffer 112) elapsed=318.4s round_dur_s=2.243 --
-- round 113 done (buffer 113) elapsed=321.2s round_dur_s=2.470 --
-- round 114 done (buffer 114) elapsed=323.9s round_dur_s=2.400 --
-- round 115 done (buffer 115) elapsed=326.5s round_dur_s=2.367 --
-- round 116 done (buffer 116) elapsed=329.2s round_dur_s=2.345 --
-- round 117 done (buffer 117) elapsed=332.1s round_dur_s=2.597 --
-- round 118 done (buffer 118) elapsed=334.9s round_dur_s=2.546 --
-- round 119 done (buffer 119) elapsed=337.9s round_dur_s=2.711 --
-- round 120 done (buffer 120) elapsed=340.9s round_dur_s=2.673 --
-- round 121 done (buffer 121) elapsed=343.9s round_dur_s=2.676 --
-- round 122 done (buffer 122) elapsed=346.9s round_dur_s=2.703 --
-- round 123 done (buffer 123) elapsed=349.8s round_dur_s=2.646 --
-- round 124 done (buffer 124) elapsed=352.7s round_dur_s=2.541 --
-- round 125 done (buffer 125) elapsed=355.5s round_dur_s=2.488 --
-- round 126 done (buffer 126) elapsed=358.3s round_dur_s=2.516 --
-- round 127 done (buffer 127) elapsed=361.1s round_dur_s=2.513 --
-- round 128 done (buffer 128) elapsed=363.9s round_dur_s=2.472 --
-- round 129 done (buffer 129) elapsed=366.8s round_dur_s=2.614 --
-- round 130 done (buffer 130) elapsed=369.7s round_dur_s=2.596 --
-- round 131 done (buffer 131) elapsed=372.5s round_dur_s=2.492 --
-- round 132 done (buffer 132) elapsed=375.3s round_dur_s=2.564 --
-- round 133 done (buffer 133) elapsed=378.3s round_dur_s=2.652 --
-- round 134 done (buffer 134) elapsed=381.2s round_dur_s=2.588 --
-- round 135 done (buffer 135) elapsed=384.1s round_dur_s=2.606 --
-- round 136 done (buffer 136) elapsed=387.0s round_dur_s=2.621 --
-- round 137 done (buffer 137) elapsed=389.9s round_dur_s=2.595 --
-- round 138 done (buffer 138) elapsed=392.8s round_dur_s=2.625 --
-- round 139 done (buffer 139) elapsed=395.8s round_dur_s=2.678 --
-- round 140 done (buffer 140) elapsed=398.7s round_dur_s=2.592 --
-- round 141 done (buffer 141) elapsed=401.6s round_dur_s=2.632 --
-- round 142 done (buffer 142) elapsed=404.6s round_dur_s=2.705 --
-- round 143 done (buffer 143) elapsed=407.6s round_dur_s=2.705 --
-- round 144 done (buffer 144) elapsed=410.6s round_dur_s=2.696 --
-- round 145 done (buffer 145) elapsed=413.6s round_dur_s=2.680 --
-- round 146 done (buffer 146) elapsed=416.6s round_dur_s=2.710 --
-- round 147 done (buffer 147) elapsed=419.6s round_dur_s=2.671 --
-- round 148 done (buffer 148) elapsed=422.6s round_dur_s=2.672 --
-- round 149 done (buffer 149) elapsed=425.5s round_dur_s=2.656 --
-- round 150 done (buffer 150) elapsed=428.2s round_dur_s=2.396 --
-- round 151 done (buffer 151) elapsed=430.7s round_dur_s=2.186 --
-- round 152 done (buffer 152) elapsed=433.3s round_dur_s=2.268 --
-- round 153 done (buffer 153) elapsed=435.9s round_dur_s=2.281 --
-- round 154 done (buffer 154) elapsed=438.5s round_dur_s=2.357 --
-- round 155 done (buffer 155) elapsed=441.1s round_dur_s=2.321 --
-- round 156 done (buffer 156) elapsed=443.7s round_dur_s=2.303 --
-- round 157 done (buffer 157) elapsed=446.3s round_dur_s=2.298 --
-- round 158 done (buffer 158) elapsed=448.9s round_dur_s=2.295 --
-- round 159 done (buffer 159) elapsed=451.5s round_dur_s=2.248 --
-- round 160 done (buffer 160) elapsed=454.2s round_dur_s=2.375 --
-- round 161 done (buffer 161) elapsed=456.7s round_dur_s=2.271 --
-- round 162 done (buffer 162) elapsed=459.3s round_dur_s=2.271 --
-- round 163 done (buffer 163) elapsed=461.9s round_dur_s=2.285 --
-- round 164 done (buffer 164) elapsed=464.5s round_dur_s=2.345 --
-- round 165 done (buffer 165) elapsed=467.2s round_dur_s=2.348 --
-- round 166 done (buffer 166) elapsed=469.9s round_dur_s=2.440 --
-- round 167 done (buffer 167) elapsed=472.6s round_dur_s=2.404 --
-- round 168 done (buffer 168) elapsed=475.3s round_dur_s=2.374 --
-- round 169 done (buffer 169) elapsed=477.9s round_dur_s=2.328 --
-- round 170 done (buffer 170) elapsed=480.6s round_dur_s=2.355 --
-- round 171 done (buffer 171) elapsed=483.2s round_dur_s=2.353 --
-- round 172 done (buffer 172) elapsed=486.0s round_dur_s=2.428 --
-- round 173 done (buffer 173) elapsed=488.6s round_dur_s=2.383 --
-- round 174 done (buffer 174) elapsed=491.3s round_dur_s=2.383 --
-- round 175 done (buffer 175) elapsed=493.9s round_dur_s=2.319 --
-- round 176 done (buffer 176) elapsed=496.5s round_dur_s=2.242 --
-- round 177 done (buffer 177) elapsed=499.0s round_dur_s=2.188 --
-- round 178 done (buffer 178) elapsed=501.5s round_dur_s=2.226 --
-- round 179 done (buffer 179) elapsed=504.0s round_dur_s=2.239 --
-- round 180 done (buffer 180) elapsed=506.6s round_dur_s=2.218 --
-- round 181 done (buffer 181) elapsed=509.1s round_dur_s=2.213 --
-- round 182 done (buffer 182) elapsed=511.6s round_dur_s=2.257 --
-- round 183 done (buffer 183) elapsed=514.1s round_dur_s=2.209 --
-- round 184 done (buffer 184) elapsed=516.8s round_dur_s=2.327 --
-- round 185 done (buffer 185) elapsed=519.5s round_dur_s=2.437 --
-- round 186 done (buffer 186) elapsed=522.1s round_dur_s=2.322 --
-- round 187 done (buffer 187) elapsed=524.7s round_dur_s=2.273 --
-- round 188 done (buffer 188) elapsed=527.5s round_dur_s=2.462 --
-- round 189 done (buffer 189) elapsed=530.2s round_dur_s=2.408 --
-- round 190 done (buffer 190) elapsed=532.8s round_dur_s=2.357 --
-- round 191 done (buffer 191) elapsed=535.6s round_dur_s=2.512 --
-- round 192 done (buffer 192) elapsed=538.3s round_dur_s=2.408 --
-- round 193 done (buffer 193) elapsed=540.9s round_dur_s=2.298 --
-- round 194 done (buffer 194) elapsed=543.6s round_dur_s=2.381 --
-- round 195 done (buffer 195) elapsed=546.5s round_dur_s=2.598 --
-- round 196 done (buffer 196) elapsed=549.4s round_dur_s=2.618 --
-- round 197 done (buffer 197) elapsed=552.3s round_dur_s=2.575 --
-- round 198 done (buffer 198) elapsed=555.1s round_dur_s=2.453 --
-- round 199 done (buffer 199) elapsed=557.8s round_dur_s=2.410 --
-- round 200 done (buffer 200) elapsed=560.9s round_dur_s=2.774 --
-- round 201 done (buffer 201) elapsed=563.9s round_dur_s=2.728 --
-- round 202 done (buffer 202) elapsed=566.9s round_dur_s=2.703 --
-- round 203 done (buffer 203) elapsed=569.9s round_dur_s=2.702 --
-- round 204 done (buffer 204) elapsed=572.9s round_dur_s=2.705 --
-- round 205 done (buffer 205) elapsed=576.0s round_dur_s=2.769 --
-- round 206 done (buffer 206) elapsed=579.0s round_dur_s=2.717 --
-- round 207 done (buffer 207) elapsed=582.0s round_dur_s=2.710 --
-- round 208 done (buffer 208) elapsed=585.0s round_dur_s=2.744 --
-- round 209 done (buffer 209) elapsed=588.2s round_dur_s=2.834 --
-- round 210 done (buffer 210) elapsed=591.3s round_dur_s=2.811 --
-- round 211 done (buffer 211) elapsed=594.3s round_dur_s=2.755 --
-- round 212 done (buffer 212) elapsed=597.4s round_dur_s=2.735 --
-- round 213 done (buffer 213) elapsed=600.5s round_dur_s=2.818 --
-- round 214 done (buffer 214) elapsed=603.5s round_dur_s=2.695 --
-- round 215 done (buffer 215) elapsed=606.5s round_dur_s=2.707 --
-- round 216 done (buffer 216) elapsed=609.5s round_dur_s=2.715 --
-- round 217 done (buffer 217) elapsed=612.6s round_dur_s=2.789 --
-- round 218 done (buffer 218) elapsed=615.6s round_dur_s=2.752 --
-- round 219 done (buffer 219) elapsed=618.7s round_dur_s=2.755 --
-- round 220 done (buffer 220) elapsed=621.7s round_dur_s=2.733 --
-- round 221 done (buffer 221) elapsed=624.8s round_dur_s=2.720 --
-- round 222 done (buffer 222) elapsed=627.8s round_dur_s=2.716 --
-- round 223 done (buffer 223) elapsed=630.8s round_dur_s=2.717 --
-- round 224 done (buffer 224) elapsed=633.9s round_dur_s=2.762 --
-- round 225 done (buffer 225) elapsed=637.7s round_dur_s=3.523 --
-- round 226 done (buffer 226) elapsed=641.4s round_dur_s=3.386 --
-- round 227 done (buffer 227) elapsed=645.2s round_dur_s=3.489 --
-- round 228 done (buffer 228) elapsed=648.9s round_dur_s=3.493 --
-- round 229 done (buffer 229) elapsed=652.7s round_dur_s=3.485 --
-- round 230 done (buffer 230) elapsed=656.5s round_dur_s=3.457 --
-- round 231 done (buffer 231) elapsed=660.2s round_dur_s=3.435 --
-- round 232 done (buffer 232) elapsed=664.0s round_dur_s=3.446 --
-- round 233 done (buffer 233) elapsed=667.7s round_dur_s=3.417 --
-- round 234 done (buffer 234) elapsed=671.4s round_dur_s=3.444 --
-- round 235 done (buffer 235) elapsed=675.2s round_dur_s=3.459 --
-- round 236 done (buffer 236) elapsed=679.0s round_dur_s=3.526 --
-- round 237 done (buffer 237) elapsed=682.9s round_dur_s=3.563 --
-- round 238 done (buffer 238) elapsed=686.8s round_dur_s=3.584 --
-- round 239 done (buffer 239) elapsed=690.6s round_dur_s=3.526 --
-- round 240 done (buffer 240) elapsed=694.3s round_dur_s=3.423 --
-- round 241 done (buffer 241) elapsed=698.0s round_dur_s=3.372 --
-- round 242 done (buffer 242) elapsed=701.8s round_dur_s=3.557 --
-- round 243 done (buffer 243) elapsed=705.7s round_dur_s=3.554 --
-- round 244 done (buffer 244) elapsed=709.5s round_dur_s=3.539 --
-- round 245 done (buffer 245) elapsed=713.4s round_dur_s=3.527 --
-- round 246 done (buffer 246) elapsed=717.2s round_dur_s=3.586 --
-- round 247 done (buffer 247) elapsed=721.1s round_dur_s=3.525 --
-- round 248 done (buffer 248) elapsed=724.9s round_dur_s=3.536 --
-- round 249 done (buffer 249) elapsed=728.8s round_dur_s=3.554 --
-- round 250 done (buffer 0) elapsed=729.8s round_dur_s=0.783 --
-- round 251 done (buffer 1) elapsed=730.8s round_dur_s=0.671 --
-- round 252 done (buffer 2) elapsed=731.8s round_dur_s=0.680 --
-- round 253 done (buffer 3) elapsed=732.9s round_dur_s=0.758 --
-- round 254 done (buffer 4) elapsed=733.8s round_dur_s=0.661 --
-- round 255 done (buffer 5) elapsed=734.8s round_dur_s=0.657 --
-- round 256 done (buffer 6) elapsed=735.7s round_dur_s=0.639 --
-- round 257 done (buffer 7) elapsed=736.6s round_dur_s=0.632 --
-- round 258 done (buffer 8) elapsed=737.6s round_dur_s=0.624 --
-- round 259 done (buffer 9) elapsed=738.5s round_dur_s=0.635 --
Finished. Expected monitored_count and implied_bytes_per_sec to have stayed at 0 throughout -- see /home/vagrant/src/moellep/pyepics-testing/docs/camonitor-cliff/channel_cost/B/client_unused.csv.
[diagnostic] main-thread epics.ca._cache: 5000 channel entries remain for 5000 distinct PVs touched, despite calling pv.disconnect() after every read
[diagnostic] clearing one via epics.ca.clear_channel(): CAGET_TEST:SIG0:HST0, chid=c_long(741729632)
[diagnostic] after clear_channel(): 4999 entries remain (was 5000) -- confirms the channel was real and clearable
