Scenario B (fixed): 300 rounds (max Nones), 250 buffers x 20 signals (expected monitored_count to stay at 0), 0.3s between rounds -> /home/vagrant/src/moellep/pyepics-testing/docs/camonitor-cliff/channel_cost_bd/B/client_unused.csv
[diagnostic] CAGET_TEST:SIG0:HST0: chid before disconnect() = c_long(700054464), chid after disconnect() = c_long(700054464) (non-None/non-zero here means the channel is still clearable via epics.ca.clear_channel())
-- round 0 done (buffer 0) elapsed=3.6s round_dur_s=3.610 --
-- round 1 done (buffer 1) elapsed=7.5s round_dur_s=3.551 --
-- round 2 done (buffer 2) elapsed=11.3s round_dur_s=3.505 --
-- round 3 done (buffer 3) elapsed=15.2s round_dur_s=3.589 --
-- round 4 done (buffer 4) elapsed=19.2s round_dur_s=3.705 --
-- round 5 done (buffer 5) elapsed=23.1s round_dur_s=3.678 --
-- round 6 done (buffer 6) elapsed=27.2s round_dur_s=3.717 --
-- round 7 done (buffer 7) elapsed=31.2s round_dur_s=3.750 --
-- round 8 done (buffer 8) elapsed=35.3s round_dur_s=3.765 --
-- round 9 done (buffer 9) elapsed=39.3s round_dur_s=3.745 --
-- round 10 done (buffer 10) elapsed=43.4s round_dur_s=3.739 --
-- round 11 done (buffer 11) elapsed=47.4s round_dur_s=3.761 --
-- round 12 done (buffer 12) elapsed=51.5s round_dur_s=3.775 --
-- round 13 done (buffer 13) elapsed=55.5s round_dur_s=3.698 --
-- round 14 done (buffer 14) elapsed=59.6s round_dur_s=3.792 --
-- round 15 done (buffer 15) elapsed=63.7s round_dur_s=3.803 --
-- round 16 done (buffer 16) elapsed=67.7s round_dur_s=3.757 --
-- round 17 done (buffer 17) elapsed=71.8s round_dur_s=3.767 --
-- round 18 done (buffer 18) elapsed=75.9s round_dur_s=3.758 --
-- round 19 done (buffer 19) elapsed=79.9s round_dur_s=3.776 --
-- round 20 done (buffer 20) elapsed=84.0s round_dur_s=3.781 --
-- round 21 done (buffer 21) elapsed=88.1s round_dur_s=3.803 --
-- round 22 done (buffer 22) elapsed=92.2s round_dur_s=3.798 --
-- round 23 done (buffer 23) elapsed=96.3s round_dur_s=3.789 --
-- round 24 done (buffer 24) elapsed=100.4s round_dur_s=3.790 --
-- round 25 done (buffer 25) elapsed=103.2s round_dur_s=2.445 --
-- round 26 done (buffer 26) elapsed=105.8s round_dur_s=2.343 --
-- round 27 done (buffer 27) elapsed=108.5s round_dur_s=2.402 --
-- round 28 done (buffer 28) elapsed=111.2s round_dur_s=2.418 --
-- round 29 done (buffer 29) elapsed=114.2s round_dur_s=2.670 --
-- round 30 done (buffer 30) elapsed=117.1s round_dur_s=2.613 --
-- round 31 done (buffer 31) elapsed=119.8s round_dur_s=2.416 --
-- round 32 done (buffer 32) elapsed=122.6s round_dur_s=2.522 --
-- round 33 done (buffer 33) elapsed=125.5s round_dur_s=2.552 --
-- round 34 done (buffer 34) elapsed=128.4s round_dur_s=2.615 --
-- round 35 done (buffer 35) elapsed=131.5s round_dur_s=2.846 --
-- round 36 done (buffer 36) elapsed=135.0s round_dur_s=3.145 --
-- round 37 done (buffer 37) elapsed=138.3s round_dur_s=2.994 --
-- round 38 done (buffer 38) elapsed=141.7s round_dur_s=3.090 --
-- round 39 done (buffer 39) elapsed=145.0s round_dur_s=3.046 --
-- round 40 done (buffer 40) elapsed=148.4s round_dur_s=3.107 --
-- round 41 done (buffer 41) elapsed=151.4s round_dur_s=2.699 --
-- round 42 done (buffer 42) elapsed=154.5s round_dur_s=2.720 --
-- round 43 done (buffer 43) elapsed=157.5s round_dur_s=2.714 --
-- round 44 done (buffer 44) elapsed=160.5s round_dur_s=2.718 --
-- round 45 done (buffer 45) elapsed=163.5s round_dur_s=2.718 --
-- round 46 done (buffer 46) elapsed=166.5s round_dur_s=2.714 --
-- round 47 done (buffer 47) elapsed=169.5s round_dur_s=2.691 --
-- round 48 done (buffer 48) elapsed=172.5s round_dur_s=2.713 --
-- round 49 done (buffer 49) elapsed=175.5s round_dur_s=2.717 --
-- round 50 done (buffer 50) elapsed=178.2s round_dur_s=2.383 --
-- round 51 done (buffer 51) elapsed=180.9s round_dur_s=2.334 --
-- round 52 done (buffer 52) elapsed=183.4s round_dur_s=2.255 --
-- round 53 done (buffer 53) elapsed=186.1s round_dur_s=2.396 --
-- round 54 done (buffer 54) elapsed=188.8s round_dur_s=2.415 --
-- round 55 done (buffer 55) elapsed=191.5s round_dur_s=2.417 --
-- round 56 done (buffer 56) elapsed=194.4s round_dur_s=2.571 --
-- round 57 done (buffer 57) elapsed=197.2s round_dur_s=2.455 --
-- round 58 done (buffer 58) elapsed=200.0s round_dur_s=2.484 --
-- round 59 done (buffer 59) elapsed=202.7s round_dur_s=2.468 --
-- round 60 done (buffer 60) elapsed=205.5s round_dur_s=2.475 --
-- round 61 done (buffer 61) elapsed=208.3s round_dur_s=2.493 --
-- round 62 done (buffer 62) elapsed=211.0s round_dur_s=2.452 --
-- round 63 done (buffer 63) elapsed=214.0s round_dur_s=2.691 --
-- round 64 done (buffer 64) elapsed=216.9s round_dur_s=2.615 --
-- round 65 done (buffer 65) elapsed=219.9s round_dur_s=2.689 --
-- round 66 done (buffer 66) elapsed=223.0s round_dur_s=2.718 --
-- round 67 done (buffer 67) elapsed=226.0s round_dur_s=2.727 --
-- round 68 done (buffer 68) elapsed=229.0s round_dur_s=2.717 --
-- round 69 done (buffer 69) elapsed=232.0s round_dur_s=2.712 --
-- round 70 done (buffer 70) elapsed=234.9s round_dur_s=2.615 --
-- round 71 done (buffer 71) elapsed=237.8s round_dur_s=2.597 --
-- round 72 done (buffer 72) elapsed=240.7s round_dur_s=2.575 --
-- round 73 done (buffer 73) elapsed=243.7s round_dur_s=2.653 --
-- round 74 done (buffer 74) elapsed=246.7s round_dur_s=2.706 --
-- round 75 done (buffer 75) elapsed=249.3s round_dur_s=2.309 --
-- round 76 done (buffer 76) elapsed=251.9s round_dur_s=2.297 --
-- round 77 done (buffer 77) elapsed=254.4s round_dur_s=2.281 --
-- round 78 done (buffer 78) elapsed=257.1s round_dur_s=2.320 --
-- round 79 done (buffer 79) elapsed=259.7s round_dur_s=2.302 --
-- round 80 done (buffer 80) elapsed=262.3s round_dur_s=2.321 --
-- round 81 done (buffer 81) elapsed=264.9s round_dur_s=2.332 --
-- round 82 done (buffer 82) elapsed=267.6s round_dur_s=2.347 --
-- round 83 done (buffer 83) elapsed=270.1s round_dur_s=2.254 --
-- round 84 done (buffer 84) elapsed=272.8s round_dur_s=2.360 --
-- round 85 done (buffer 85) elapsed=275.4s round_dur_s=2.359 --
-- round 86 done (buffer 86) elapsed=278.1s round_dur_s=2.358 --
-- round 87 done (buffer 87) elapsed=280.8s round_dur_s=2.363 --
-- round 88 done (buffer 88) elapsed=283.6s round_dur_s=2.528 --
-- round 89 done (buffer 89) elapsed=286.3s round_dur_s=2.416 --
-- round 90 done (buffer 90) elapsed=289.1s round_dur_s=2.446 --
-- round 91 done (buffer 91) elapsed=291.8s round_dur_s=2.452 --
-- round 92 done (buffer 92) elapsed=294.5s round_dur_s=2.382 --
-- round 93 done (buffer 93) elapsed=297.3s round_dur_s=2.468 --
-- round 94 done (buffer 94) elapsed=300.0s round_dur_s=2.421 --
-- round 95 done (buffer 95) elapsed=302.7s round_dur_s=2.470 --
-- round 96 done (buffer 96) elapsed=305.5s round_dur_s=2.478 --
-- round 97 done (buffer 97) elapsed=308.4s round_dur_s=2.578 --
-- round 98 done (buffer 98) elapsed=311.2s round_dur_s=2.522 --
-- round 99 done (buffer 99) elapsed=314.1s round_dur_s=2.582 --
-- round 100 done (buffer 100) elapsed=317.1s round_dur_s=2.699 --
-- round 101 done (buffer 101) elapsed=320.1s round_dur_s=2.660 --
-- round 102 done (buffer 102) elapsed=323.1s round_dur_s=2.682 --
-- round 103 done (buffer 103) elapsed=326.0s round_dur_s=2.606 --
-- round 104 done (buffer 104) elapsed=329.0s round_dur_s=2.720 --
-- round 105 done (buffer 105) elapsed=331.9s round_dur_s=2.670 --
-- round 106 done (buffer 106) elapsed=334.9s round_dur_s=2.602 --
-- round 107 done (buffer 107) elapsed=337.8s round_dur_s=2.618 --
-- round 108 done (buffer 108) elapsed=340.8s round_dur_s=2.716 --
-- round 109 done (buffer 109) elapsed=343.8s round_dur_s=2.716 --
-- round 110 done (buffer 110) elapsed=346.8s round_dur_s=2.708 --
-- round 111 done (buffer 111) elapsed=349.8s round_dur_s=2.660 --
-- round 112 done (buffer 112) elapsed=352.8s round_dur_s=2.704 --
-- round 113 done (buffer 113) elapsed=355.8s round_dur_s=2.761 --
-- round 114 done (buffer 114) elapsed=358.8s round_dur_s=2.700 --
-- round 115 done (buffer 115) elapsed=361.8s round_dur_s=2.708 --
-- round 116 done (buffer 116) elapsed=364.8s round_dur_s=2.702 --
-- round 117 done (buffer 117) elapsed=367.9s round_dur_s=2.715 --
-- round 118 done (buffer 118) elapsed=370.9s round_dur_s=2.694 --
-- round 119 done (buffer 119) elapsed=373.9s round_dur_s=2.711 --
-- round 120 done (buffer 120) elapsed=376.9s round_dur_s=2.707 --
-- round 121 done (buffer 121) elapsed=379.9s round_dur_s=2.696 --
-- round 122 done (buffer 122) elapsed=382.9s round_dur_s=2.678 --
-- round 123 done (buffer 123) elapsed=385.9s round_dur_s=2.708 --
-- round 124 done (buffer 124) elapsed=388.9s round_dur_s=2.704 --
-- round 125 done (buffer 125) elapsed=391.7s round_dur_s=2.533 --
-- round 126 done (buffer 126) elapsed=394.4s round_dur_s=2.381 --
-- round 127 done (buffer 127) elapsed=397.2s round_dur_s=2.509 --
-- round 128 done (buffer 128) elapsed=399.9s round_dur_s=2.415 --
-- round 129 done (buffer 129) elapsed=402.7s round_dur_s=2.543 --
-- round 130 done (buffer 130) elapsed=405.5s round_dur_s=2.490 --
-- round 131 done (buffer 131) elapsed=408.4s round_dur_s=2.564 --
-- round 132 done (buffer 132) elapsed=411.3s round_dur_s=2.576 --
-- round 133 done (buffer 133) elapsed=414.2s round_dur_s=2.597 --
-- round 134 done (buffer 134) elapsed=417.0s round_dur_s=2.538 --
-- round 135 done (buffer 135) elapsed=419.9s round_dur_s=2.626 --
-- round 136 done (buffer 136) elapsed=422.9s round_dur_s=2.621 --
-- round 137 done (buffer 137) elapsed=425.7s round_dur_s=2.573 --
-- round 138 done (buffer 138) elapsed=428.7s round_dur_s=2.678 --
-- round 139 done (buffer 139) elapsed=431.6s round_dur_s=2.594 --
-- round 140 done (buffer 140) elapsed=434.5s round_dur_s=2.571 --
-- round 141 done (buffer 141) elapsed=437.4s round_dur_s=2.628 --
-- round 142 done (buffer 142) elapsed=440.4s round_dur_s=2.705 --
-- round 143 done (buffer 143) elapsed=443.4s round_dur_s=2.709 --
-- round 144 done (buffer 144) elapsed=446.4s round_dur_s=2.702 --
-- round 145 done (buffer 145) elapsed=449.4s round_dur_s=2.710 --
-- round 146 done (buffer 146) elapsed=452.4s round_dur_s=2.706 --
-- round 147 done (buffer 147) elapsed=455.4s round_dur_s=2.698 --
-- round 148 done (buffer 148) elapsed=458.4s round_dur_s=2.642 --
-- round 149 done (buffer 149) elapsed=461.4s round_dur_s=2.707 --
-- round 150 done (buffer 150) elapsed=463.9s round_dur_s=2.208 --
-- round 151 done (buffer 151) elapsed=466.4s round_dur_s=2.160 --
-- round 152 done (buffer 152) elapsed=468.8s round_dur_s=2.166 --
-- round 153 done (buffer 153) elapsed=471.3s round_dur_s=2.164 --
-- round 154 done (buffer 154) elapsed=473.8s round_dur_s=2.164 --
-- round 155 done (buffer 155) elapsed=476.2s round_dur_s=2.187 --
-- round 156 done (buffer 156) elapsed=478.7s round_dur_s=2.164 --
-- round 157 done (buffer 157) elapsed=481.2s round_dur_s=2.188 --
-- round 158 done (buffer 158) elapsed=483.7s round_dur_s=2.165 --
-- round 159 done (buffer 159) elapsed=486.1s round_dur_s=2.162 --
-- round 160 done (buffer 160) elapsed=488.6s round_dur_s=2.165 --
-- round 161 done (buffer 161) elapsed=491.0s round_dur_s=2.164 --
-- round 162 done (buffer 162) elapsed=493.5s round_dur_s=2.163 --
-- round 163 done (buffer 163) elapsed=496.1s round_dur_s=2.243 --
-- round 164 done (buffer 164) elapsed=498.5s round_dur_s=2.165 --
-- round 165 done (buffer 165) elapsed=501.0s round_dur_s=2.220 --
-- round 166 done (buffer 166) elapsed=503.5s round_dur_s=2.162 --
-- round 167 done (buffer 167) elapsed=506.0s round_dur_s=2.191 --
-- round 168 done (buffer 168) elapsed=508.5s round_dur_s=2.159 --
-- round 169 done (buffer 169) elapsed=510.9s round_dur_s=2.169 --
-- round 170 done (buffer 170) elapsed=513.4s round_dur_s=2.159 --
-- round 171 done (buffer 171) elapsed=515.8s round_dur_s=2.167 --
-- round 172 done (buffer 172) elapsed=518.4s round_dur_s=2.216 --
-- round 173 done (buffer 173) elapsed=520.8s round_dur_s=2.165 --
-- round 174 done (buffer 174) elapsed=523.3s round_dur_s=2.184 --
-- round 175 done (buffer 175) elapsed=526.4s round_dur_s=2.748 --
-- round 176 done (buffer 176) elapsed=529.3s round_dur_s=2.671 --
-- round 177 done (buffer 177) elapsed=532.2s round_dur_s=2.607 --
-- round 178 done (buffer 178) elapsed=535.2s round_dur_s=2.705 --
-- round 179 done (buffer 179) elapsed=538.2s round_dur_s=2.649 --
-- round 180 done (buffer 180) elapsed=541.1s round_dur_s=2.591 --
-- round 181 done (buffer 181) elapsed=543.8s round_dur_s=2.431 --
-- round 182 done (buffer 182) elapsed=546.7s round_dur_s=2.549 --
-- round 183 done (buffer 183) elapsed=549.7s round_dur_s=2.705 --
-- round 184 done (buffer 184) elapsed=552.7s round_dur_s=2.704 --
-- round 185 done (buffer 185) elapsed=555.6s round_dur_s=2.618 --
-- round 186 done (buffer 186) elapsed=558.6s round_dur_s=2.655 --
-- round 187 done (buffer 187) elapsed=561.5s round_dur_s=2.644 --
-- round 188 done (buffer 188) elapsed=564.4s round_dur_s=2.615 --
-- round 189 done (buffer 189) elapsed=567.1s round_dur_s=2.421 --
-- round 190 done (buffer 190) elapsed=569.8s round_dur_s=2.348 --
-- round 191 done (buffer 191) elapsed=572.6s round_dur_s=2.567 --
-- round 192 done (buffer 192) elapsed=575.5s round_dur_s=2.599 --
-- round 193 done (buffer 193) elapsed=578.4s round_dur_s=2.514 --
-- round 194 done (buffer 194) elapsed=581.2s round_dur_s=2.564 --
-- round 195 done (buffer 195) elapsed=584.2s round_dur_s=2.630 --
-- round 196 done (buffer 196) elapsed=587.0s round_dur_s=2.547 --
-- round 197 done (buffer 197) elapsed=589.9s round_dur_s=2.594 --
-- round 198 done (buffer 198) elapsed=592.9s round_dur_s=2.667 --
-- round 199 done (buffer 199) elapsed=595.8s round_dur_s=2.674 --
-- round 200 done (buffer 200) elapsed=598.9s round_dur_s=2.746 --
-- round 201 done (buffer 201) elapsed=601.9s round_dur_s=2.718 --
-- round 202 done (buffer 202) elapsed=604.9s round_dur_s=2.723 --
-- round 203 done (buffer 203) elapsed=607.9s round_dur_s=2.716 --
-- round 204 done (buffer 204) elapsed=611.0s round_dur_s=2.723 --
-- round 205 done (buffer 205) elapsed=614.0s round_dur_s=2.725 --
-- round 206 done (buffer 206) elapsed=617.0s round_dur_s=2.720 --
-- round 207 done (buffer 207) elapsed=620.0s round_dur_s=2.719 --
-- round 208 done (buffer 208) elapsed=623.1s round_dur_s=2.722 --
-- round 209 done (buffer 209) elapsed=626.1s round_dur_s=2.719 --
-- round 210 done (buffer 210) elapsed=629.1s round_dur_s=2.722 --
-- round 211 done (buffer 211) elapsed=632.1s round_dur_s=2.710 --
-- round 212 done (buffer 212) elapsed=635.1s round_dur_s=2.728 --
-- round 213 done (buffer 213) elapsed=637.9s round_dur_s=2.478 --
-- round 214 done (buffer 214) elapsed=640.7s round_dur_s=2.455 --
-- round 215 done (buffer 215) elapsed=643.3s round_dur_s=2.362 --
-- round 216 done (buffer 216) elapsed=646.0s round_dur_s=2.343 --
-- round 217 done (buffer 217) elapsed=648.5s round_dur_s=2.247 --
-- round 218 done (buffer 218) elapsed=651.1s round_dur_s=2.285 --
-- round 219 done (buffer 219) elapsed=653.7s round_dur_s=2.284 --
-- round 220 done (buffer 220) elapsed=656.3s round_dur_s=2.281 --
-- round 221 done (buffer 221) elapsed=658.9s round_dur_s=2.345 --
-- round 222 done (buffer 222) elapsed=661.4s round_dur_s=2.170 --
-- round 223 done (buffer 223) elapsed=663.9s round_dur_s=2.255 --
-- round 224 done (buffer 224) elapsed=666.4s round_dur_s=2.175 --
-- round 225 done (buffer 225) elapsed=669.0s round_dur_s=2.284 --
-- round 226 done (buffer 226) elapsed=671.5s round_dur_s=2.230 --
-- round 227 done (buffer 227) elapsed=674.0s round_dur_s=2.176 --
-- round 228 done (buffer 228) elapsed=676.5s round_dur_s=2.170 --
-- round 229 done (buffer 229) elapsed=679.0s round_dur_s=2.207 --
-- round 230 done (buffer 230) elapsed=681.5s round_dur_s=2.197 --
-- round 231 done (buffer 231) elapsed=684.0s round_dur_s=2.174 --
-- round 232 done (buffer 232) elapsed=686.5s round_dur_s=2.209 --
-- round 233 done (buffer 233) elapsed=689.0s round_dur_s=2.267 --
-- round 234 done (buffer 234) elapsed=691.7s round_dur_s=2.326 --
-- round 235 done (buffer 235) elapsed=694.4s round_dur_s=2.404 --
-- round 236 done (buffer 236) elapsed=697.2s round_dur_s=2.493 --
-- round 237 done (buffer 237) elapsed=699.8s round_dur_s=2.320 --
-- round 238 done (buffer 238) elapsed=702.5s round_dur_s=2.462 --
-- round 239 done (buffer 239) elapsed=705.2s round_dur_s=2.325 --
-- round 240 done (buffer 240) elapsed=707.7s round_dur_s=2.190 --
-- round 241 done (buffer 241) elapsed=710.2s round_dur_s=2.248 --
-- round 242 done (buffer 242) elapsed=712.8s round_dur_s=2.262 --
-- round 243 done (buffer 243) elapsed=715.3s round_dur_s=2.225 --
-- round 244 done (buffer 244) elapsed=717.9s round_dur_s=2.319 --
-- round 245 done (buffer 245) elapsed=720.5s round_dur_s=2.244 --
-- round 246 done (buffer 246) elapsed=723.1s round_dur_s=2.296 --
-- round 247 done (buffer 247) elapsed=725.7s round_dur_s=2.303 --
-- round 248 done (buffer 248) elapsed=728.2s round_dur_s=2.246 --
-- round 249 done (buffer 249) elapsed=730.8s round_dur_s=2.271 --
-- round 250 done (buffer 0) elapsed=732.1s round_dur_s=1.051 --
-- round 251 done (buffer 1) elapsed=733.5s round_dur_s=1.052 --
-- round 252 done (buffer 2) elapsed=734.8s round_dur_s=0.978 --
-- round 253 done (buffer 3) elapsed=736.0s round_dur_s=0.968 --
-- round 254 done (buffer 4) elapsed=737.3s round_dur_s=0.976 --
-- round 255 done (buffer 5) elapsed=738.6s round_dur_s=1.038 --
-- round 256 done (buffer 6) elapsed=739.9s round_dur_s=0.952 --
-- round 257 done (buffer 7) elapsed=741.2s round_dur_s=0.979 --
-- round 258 done (buffer 8) elapsed=742.5s round_dur_s=1.024 --
-- round 259 done (buffer 9) elapsed=743.8s round_dur_s=0.989 --
-- round 260 done (buffer 10) elapsed=745.1s round_dur_s=1.010 --
-- round 261 done (buffer 11) elapsed=746.4s round_dur_s=1.014 --
-- round 262 done (buffer 12) elapsed=747.7s round_dur_s=1.014 --
-- round 263 done (buffer 13) elapsed=749.1s round_dur_s=1.063 --
-- round 264 done (buffer 14) elapsed=750.4s round_dur_s=0.999 --
-- round 265 done (buffer 15) elapsed=751.7s round_dur_s=1.060 --
-- round 266 done (buffer 16) elapsed=753.1s round_dur_s=1.096 --
-- round 267 done (buffer 17) elapsed=754.5s round_dur_s=1.064 --
-- round 268 done (buffer 18) elapsed=755.9s round_dur_s=1.103 --
-- round 269 done (buffer 19) elapsed=757.3s round_dur_s=1.068 --
-- round 270 done (buffer 20) elapsed=758.6s round_dur_s=0.986 --
-- round 271 done (buffer 21) elapsed=759.9s round_dur_s=0.998 --
-- round 272 done (buffer 22) elapsed=761.2s round_dur_s=0.998 --
-- round 273 done (buffer 23) elapsed=762.5s round_dur_s=1.001 --
-- round 274 done (buffer 24) elapsed=763.7s round_dur_s=0.983 --
-- round 275 done (buffer 25) elapsed=764.8s round_dur_s=0.718 --
-- round 276 done (buffer 26) elapsed=765.8s round_dur_s=0.711 --
-- round 277 done (buffer 27) elapsed=766.8s round_dur_s=0.713 --
-- round 278 done (buffer 28) elapsed=767.8s round_dur_s=0.712 --
-- round 279 done (buffer 29) elapsed=768.8s round_dur_s=0.722 --
-- round 280 done (buffer 30) elapsed=769.8s round_dur_s=0.719 --
-- round 281 done (buffer 31) elapsed=770.8s round_dur_s=0.711 --
-- round 282 done (buffer 32) elapsed=771.9s round_dur_s=0.720 --
-- round 283 done (buffer 33) elapsed=772.9s round_dur_s=0.726 --
-- round 284 done (buffer 34) elapsed=773.9s round_dur_s=0.720 --
-- round 285 done (buffer 35) elapsed=774.9s round_dur_s=0.706 --
-- round 286 done (buffer 36) elapsed=775.9s round_dur_s=0.700 --
-- round 287 done (buffer 37) elapsed=776.9s round_dur_s=0.715 --
-- round 288 done (buffer 38) elapsed=777.9s round_dur_s=0.712 --
-- round 289 done (buffer 39) elapsed=779.0s round_dur_s=0.714 --
-- round 290 done (buffer 40) elapsed=780.0s round_dur_s=0.711 --
-- round 291 done (buffer 41) elapsed=781.0s round_dur_s=0.713 --
-- round 292 done (buffer 42) elapsed=782.0s round_dur_s=0.710 --
-- round 293 done (buffer 43) elapsed=783.0s round_dur_s=0.706 --
-- round 294 done (buffer 44) elapsed=784.0s round_dur_s=0.712 --
-- round 295 done (buffer 45) elapsed=785.0s round_dur_s=0.713 --
-- round 296 done (buffer 46) elapsed=786.0s round_dur_s=0.720 --
-- round 297 done (buffer 47) elapsed=787.1s round_dur_s=0.720 --
-- round 298 done (buffer 48) elapsed=788.1s round_dur_s=0.711 --
-- round 299 done (buffer 49) elapsed=789.1s round_dur_s=0.715 --
Finished. Expected monitored_count and implied_bytes_per_sec to have stayed at 0 throughout -- see /home/vagrant/src/moellep/pyepics-testing/docs/camonitor-cliff/channel_cost_bd/B/client_unused.csv.
[diagnostic] main-thread epics.ca._cache: 5000 channel entries remain for 5000 distinct PVs touched, despite calling pv.disconnect() after every read
[diagnostic] clearing one via epics.ca.clear_channel(): CAGET_TEST:SIG0:HST0, chid=c_long(700054464)
[diagnostic] after clear_channel(): 4999 entries remain (was 5000) -- confirms the channel was real and clearable
